// Jest Snapshot v1, https://goo.gl/fbAQLP

exports[`TableDeleteConfirm renders 1`] = `
<Row>
  <Col
    size="7"
  >
    <p
      className="u-no-margin--bottom u-no-max-width"
    >
      Are you sure you want to delete user "Cobba"?
       
      <span
        className="u-text--light"
      >
        This action is permanent and can not be undone.
      </span>
    </p>
  </Col>
  <Col
    className="u-align--right"
    size="3"
  >
    <Button
      className="u-no-margin--bottom"
      onClick={[MockFunction]}
    >
      Cancel
    </Button>
    <Button
      appearance="negative"
      className="u-no-margin--bottom"
      onClick={[MockFunction]}
    >
      Delete
    </Button>
  </Col>
</Row>
`;
